Qflow static timing analysis logfile created on Tuesday 08 April 2025 07:17:41 PM IST
Running vesta static timing analysis
vesta --long chessclkfsm.rtlnopwr.v /usr/local/share/qflow/tech/osu018/osu018_stdcells.lib
----------------------------------------------
Vesta static timing analysis tool
for qflow 1.3.17
(c) 2013-2018 Tim Edwards, Open Circuit Design
----------------------------------------------

Parsing library "osu018_stdcells"
End of library at line 6141
Parsing module "chessclkfsm"
Lib read /usr/local/share/qflow/tech/osu018/osu018_stdcells.lib:  Processed 6142 lines.
Verilog netlist read:  Processed 40 lines.
Number of paths analyzed:  7

Top 7 maximum delay paths:
Path DFFSR_1/CLK to DFFSR_4/D delay 631.107 ps
      0.0 ps     clock:             ->   DFFSR_1/CLK
    342.2 ps  state_0_:   DFFSR_1/Q ->  NOR3X1_3/A
    444.2 ps      _14_:  NOR3X1_3/Y -> OAI22X1_1/A
    533.9 ps       _3_: OAI22X1_1/Y ->   DFFSR_4/D

   clock skew at destination = 0
   setup at destination = 97.2227

Path DFFSR_1/CLK to DFFSR_2/D delay 609.371 ps
      0.0 ps     clock:             ->   DFFSR_1/CLK
    342.2 ps  state_0_:   DFFSR_1/Q ->  NOR3X1_1/A
    446.2 ps       _8_:  NOR3X1_1/Y -> OAI21X1_1/B
    524.1 ps       _1_: OAI21X1_1/Y ->   DFFSR_2/D

   clock skew at destination = 0
   setup at destination = 85.3097

Path DFFSR_1/CLK to DFFSR_3/D delay 609.371 ps
      0.0 ps     clock:             ->   DFFSR_1/CLK
    342.2 ps  state_0_:   DFFSR_1/Q ->  NOR3X1_2/A
    446.2 ps      _12_:  NOR3X1_2/Y -> OAI21X1_2/B
    524.1 ps       _2_: OAI21X1_2/Y ->   DFFSR_3/D

   clock skew at destination = 0
   setup at destination = 85.3097

Path DFFSR_1/CLK to DFFSR_1/D delay 595.15 ps
      0.0 ps     clock:             ->   DFFSR_1/CLK
    342.2 ps  state_0_:   DFFSR_1/Q -> NAND2X1_6/A
    458.6 ps      _17_: NAND2X1_6/Y ->  NOR2X1_2/B
    516.5 ps       _0_:  NOR2X1_2/Y ->   DFFSR_1/D

   clock skew at destination = 0
   setup at destination = 78.6714

Path DFFSR_1/CLK to output pin Clr delay 454.227 ps
      0.0 ps     clock:           -> DFFSR_1/CLK
    342.2 ps  state_0_: DFFSR_1/Q -> BUFX2_1/A
    454.2 ps       Clr: BUFX2_1/Y -> Clr

Path DFFSR_2/CLK to output pin Ta delay 420.406 ps
      0.0 ps     clock:           -> DFFSR_2/CLK
    315.9 ps  state_1_: DFFSR_2/Q -> BUFX2_2/A
    420.4 ps        Ta: BUFX2_2/Y -> Ta

Path DFFSR_3/CLK to output pin Tb delay 415.746 ps
      0.0 ps     clock:           -> DFFSR_3/CLK
    313.2 ps  state_2_: DFFSR_3/Q -> BUFX2_3/A
    415.7 ps        Tb: BUFX2_3/Y -> Tb

Computed maximum clock frequency (zero margin) = 1584.52 MHz
-----------------------------------------

Number of paths analyzed:  7

Top 7 minimum delay paths:
Path DFFSR_3/CLK to output pin Tb delay 387.462 ps
      0.0 ps     clock:           -> DFFSR_3/CLK
    308.5 ps  state_2_: DFFSR_3/Q -> BUFX2_3/A
    387.5 ps        Tb: BUFX2_3/Y -> Tb

Path DFFSR_2/CLK to output pin Ta delay 393.563 ps
      0.0 ps     clock:           -> DFFSR_2/CLK
    314.1 ps  state_1_: DFFSR_2/Q -> BUFX2_2/A
    393.6 ps        Ta: BUFX2_2/Y -> Ta

Path DFFSR_1/CLK to output pin Clr delay 423.74 ps
      0.0 ps     clock:           -> DFFSR_1/CLK
    339.8 ps  state_0_: DFFSR_1/Q -> BUFX2_1/A
    423.7 ps       Clr: BUFX2_1/Y -> Clr

Path DFFSR_4/CLK to DFFSR_2/D delay 452.509 ps
      0.0 ps     clock:             ->   DFFSR_4/CLK
    296.3 ps  state_3_:   DFFSR_4/Q ->  NOR3X1_1/C
    378.7 ps       _8_:  NOR3X1_1/Y -> OAI21X1_1/B
    427.2 ps       _1_: OAI21X1_1/Y ->   DFFSR_2/D

   clock skew at destination = 0
   hold at destination = 25.2652

Path DFFSR_4/CLK to DFFSR_4/D delay 462.741 ps
      0.0 ps     clock:             ->   DFFSR_4/CLK
    296.3 ps  state_3_:   DFFSR_4/Q -> OAI21X1_3/C
    383.3 ps      _16_: OAI21X1_3/Y -> OAI22X1_1/C
    446.9 ps       _3_: OAI22X1_1/Y ->   DFFSR_4/D

   clock skew at destination = 0
   hold at destination = 15.8402

Path DFFSR_4/CLK to DFFSR_3/D delay 467.628 ps
      0.0 ps     clock:             ->   DFFSR_4/CLK
    296.3 ps  state_3_:   DFFSR_4/Q ->  NOR3X1_2/B
    393.8 ps      _12_:  NOR3X1_2/Y -> OAI21X1_2/B
    442.3 ps       _2_: OAI21X1_2/Y ->   DFFSR_3/D

   clock skew at destination = 0
   hold at destination = 25.3151

Path DFFSR_1/CLK to DFFSR_1/D delay 519.767 ps
      0.0 ps     clock:             ->   DFFSR_1/CLK
    339.8 ps  state_0_:   DFFSR_1/Q -> NAND2X1_6/A
    446.4 ps      _17_: NAND2X1_6/Y ->  NOR2X1_2/B
    497.1 ps       _0_:  NOR2X1_2/Y ->   DFFSR_1/D

   clock skew at destination = 0
   hold at destination = 22.6697

Design meets minimum hold timing.
-----------------------------------------

Number of paths analyzed:  12

Top 12 maximum delay paths:
Path input pin Pb to DFFSR_4/D delay 295.238 ps
      0.0 ps    Pb:             ->   INVX2_2/A
     51.3 ps   _9_:   INVX2_2/Y -> OAI21X1_3/A
    138.8 ps  _16_: OAI21X1_3/Y -> OAI22X1_1/C
    209.3 ps   _3_: OAI22X1_1/Y ->   DFFSR_4/D

   setup at destination = 85.9366

Path input pin Pa to DFFSR_2/D delay 284.909 ps
      0.0 ps   Pa:             ->   INVX2_1/A
     59.6 ps  _5_:   INVX2_1/Y -> NAND2X1_2/B
    128.7 ps  _7_: NAND2X1_2/Y -> OAI21X1_1/A
    203.4 ps  _1_: OAI21X1_1/Y ->   DFFSR_2/D

   setup at destination = 81.5235

Path input pin Pb to DFFSR_3/D delay 271.524 ps
      0.0 ps    Pb:             ->   INVX2_2/A
     51.3 ps   _9_:   INVX2_2/Y -> NAND2X1_4/B
    116.0 ps  _11_: NAND2X1_4/Y -> OAI21X1_2/A
    190.3 ps   _2_: OAI21X1_2/Y ->   DFFSR_3/D

   setup at destination = 81.2046

Path input pin Pa to DFFSR_1/D delay 249.036 ps
      0.0 ps    Pa:             ->   INVX2_1/A
     59.6 ps   _5_:   INVX2_1/Y -> NAND2X1_6/B
    124.8 ps  _17_: NAND2X1_6/Y ->  NOR2X1_2/B
    176.9 ps   _0_:  NOR2X1_2/Y ->   DFFSR_1/D

   setup at destination = 72.1266

Path input pin reset to DFFSR_1/S delay 228.463 ps
      0.0 ps  reset:           -> INVX4_1/A
     53.1 ps    _4_: INVX4_1/Y -> DFFSR_1/S

   setup at destination = 175.406

Path input pin clock to DFFSR_1/CLK delay 222.929 ps
      0.0 ps  clock:   -> DFFSR_1/CLK

   setup at destination = 222.929

Path input pin clock to DFFSR_2/CLK delay 222.929 ps
      0.0 ps  clock:   -> DFFSR_2/CLK

   setup at destination = 222.929

Path input pin clock to DFFSR_3/CLK delay 222.929 ps
      0.0 ps  clock:   -> DFFSR_3/CLK

   setup at destination = 222.929

Path input pin clock to DFFSR_4/CLK delay 222.929 ps
      0.0 ps  clock:   -> DFFSR_4/CLK

   setup at destination = 222.929

Path input pin reset to DFFSR_2/R delay 140.111 ps
      0.0 ps  reset:           -> INVX4_1/A
     53.1 ps    _4_: INVX4_1/Y -> DFFSR_2/R

   setup at destination = 87.054

Path input pin reset to DFFSR_3/R delay 140.111 ps
      0.0 ps  reset:           -> INVX4_1/A
     53.1 ps    _4_: INVX4_1/Y -> DFFSR_3/R

   setup at destination = 87.054

Path input pin reset to DFFSR_4/R delay 140.111 ps
      0.0 ps  reset:           -> INVX4_1/A
     53.1 ps    _4_: INVX4_1/Y -> DFFSR_4/R

   setup at destination = 87.054

-----------------------------------------

Number of paths analyzed:  12

Top 12 minimum delay paths:
Path input pin clock to DFFSR_4/CLK delay 11.3 ps
      0.0 ps  clock:   -> DFFSR_4/CLK

   hold at destination = 11.3

Path input pin clock to DFFSR_3/CLK delay 11.3 ps
      0.0 ps  clock:   -> DFFSR_3/CLK

   hold at destination = 11.3

Path input pin clock to DFFSR_2/CLK delay 11.3 ps
      0.0 ps  clock:   -> DFFSR_2/CLK

   hold at destination = 11.3

Path input pin clock to DFFSR_1/CLK delay 11.3 ps
      0.0 ps  clock:   -> DFFSR_1/CLK

   hold at destination = 11.3

Path input pin reset to DFFSR_1/S delay 62.6415 ps
      0.0 ps  reset:           -> INVX4_1/A
     53.1 ps    _4_: INVX4_1/Y -> DFFSR_1/S

   hold at destination = 9.58425

Path input pin reset to DFFSR_4/R delay 63.5839 ps
      0.0 ps  reset:           -> INVX4_1/A
     53.1 ps    _4_: INVX4_1/Y -> DFFSR_4/R

   hold at destination = 10.5267

Path input pin reset to DFFSR_3/R delay 63.5839 ps
      0.0 ps  reset:           -> INVX4_1/A
     53.1 ps    _4_: INVX4_1/Y -> DFFSR_3/R

   hold at destination = 10.5267

Path input pin reset to DFFSR_2/R delay 63.5839 ps
      0.0 ps  reset:           -> INVX4_1/A
     53.1 ps    _4_: INVX4_1/Y -> DFFSR_2/R

   hold at destination = 10.5267

Path input pin Pb to DFFSR_1/D delay 67.924 ps
      0.0 ps   Pb:            -> NOR2X1_2/A
     48.8 ps  _0_: NOR2X1_2/Y ->  DFFSR_1/D

   hold at destination = 19.1298

Path input pin Pa to DFFSR_4/D delay 130.696 ps
      0.0 ps    Pa:             -> NAND2X1_5/B
     49.4 ps  _15_: NAND2X1_5/Y -> OAI22X1_1/B
    106.2 ps   _3_: OAI22X1_1/Y ->   DFFSR_4/D

   hold at destination = 24.4932

Path input pin Pa to DFFSR_3/D delay 132.335 ps
      0.0 ps    Pa:             -> NAND2X1_4/A
     54.9 ps  _11_: NAND2X1_4/Y -> OAI21X1_2/A
    111.0 ps   _2_: OAI21X1_2/Y ->   DFFSR_3/D

   hold at destination = 21.3662

Path input pin Pb to DFFSR_2/D delay 132.335 ps
      0.0 ps   Pb:             -> NAND2X1_2/A
     54.9 ps  _7_: NAND2X1_2/Y -> OAI21X1_1/A
    111.0 ps  _1_: OAI21X1_1/Y ->   DFFSR_2/D

   hold at destination = 21.3662

-----------------------------------------

